// Jest Snapshot v1, https://goo.gl/fbAQLP

exports[`renders correctly 1`] = `
<div
  className="class"
  onClick={[Function]}
>
  name
</div>
`;
