// Jest Snapshot v1, https://goo.gl/fbAQLP

exports[`renders correctly 1`] = `
<div
  className="board-details-header"
>
  <span>
    board name
  </span>
</div>
`;
