// Jest Snapshot v1, https://goo.gl/fbAQLP

exports[`renders correctly with show == false 1`] = `null`;

exports[`renders correctly with show==true 1`] = `
<div>
  <h1>
    Hi!
  </h1>
</div>
`;
